<html>
<body>
<pre>
<h1>µVision Build Log</h1>
<h2>Tool Versions:</h2>
IDE-Version: ÂµVision V5.24.2.0
Copyright (C) 2017 ARM Ltd and ARM Germany GmbH. All rights reserved.
License Information: gabriel Nadler, ZHAW, LIC=----
 
Tool Versions:
Toolchain:       MDK-Lite  Version: 5.24.1
Toolchain Path:  C:\Keil_v5\ARM\ARMCC\Bin
C Compiler:      Armcc.exe V5.06 update 5 (build 528)
Assembler:       Armasm.exe V5.06 update 5 (build 528)
Linker/Locator:  ArmLink.exe V5.06 update 5 (build 528)
Library Manager: ArmAr.exe V5.06 update 5 (build 528)
Hex Converter:   FromElf.exe V5.06 update 5 (build 528)
CPU DLL:         SARMCM3.DLL V5.24.1
Dialog DLL:      DARMCM1.DLL V1.18.0.0
Target DLL:      STLink\ST-LINKIII-KEIL_SWO.dll V3.0.1.0
Dialog DLL:      TARMCM1.DLL V1.13.0.0
 
<h2>Project:</h2>
C:\Users\Archie\Dropbox\Informatikstudium\Semester 5\CTIT2\Praktika\P06_SPI_2\student_project\project\spi_display.uvprojx
Project File Date:  11/25/2018

<h2>Output:</h2>
*** Using Compiler 'V5.06 update 5 (build 528)', folder: 'C:\Keil_v5\ARM\ARMCC\Bin'
Rebuild target 'SPI_Display'
compiling cmd_lcd.c...
assembling datainit_ctboard.s...
compiling hal_gpio.c...
compiling hal_spi.c...
compiling main.c...
app\main.c(29): warning:  #177-D: variable "readBuffer"  was declared but never referenced
      uint8_t readBuffer[256];
app\main.c(30): warning:  #177-D: variable "nrOfChars"  was declared but never referenced
      uint8_t nrOfChars;
app\main.c: 2 warnings, 0 errors
assembling startup_ctboard.s...
compiling hal_pwr.c...
compiling cmd_touch.c...
compiling system_ctboard.c...
compiling hal_fmc.c...
compiling lcd_io.c...
app\lcd_io.c(112): warning:  #177-D: function "send_read_display_buffer_request"  was declared but never referenced
  static void send_read_display_buffer_request()
app\lcd_io.c(137): warning:  #177-D: function "display_has_data_to_send"  was declared but never referenced
  static uint8_t display_has_data_to_send(void)
app\lcd_io.c: 2 warnings, 0 errors
compiling hal_rcc.c...
linking...
Program Size: Code=5588 RO-data=428 RW-data=0 ZI-data=8192  
".\build\spi_display.axf" - 0 Error(s), 4 Warning(s).

<h2>Software Packages used:</h2>

Package Vendor: ARM
                http://www.keil.com/pack/ARM.CMSIS.5.0.1.pack
                ARM.CMSIS.5.0.1
                CMSIS (Cortex Microcontroller Software Interface Standard)
   * Component: CORE Version: 5.0.1

Package Vendor: InES
                https://ennis.zhaw.ch/pack/InES.CTBoard14_DFP.4.0.0.pack
                InES.CTBoard14_DFP.4.0.0
                CT Board 14 (STM32F429ZI) Device Support
   * Component: RCC Version: 3.0.1
   * Component: PWR Version: 2.2.0
   * Component: GPIO Version: 3.0.3
   * Component: FMC Version: 3.0.1
   * Component: Startup Version: 3.0.5

<h2>Collection of Component include folders:</h2>
  .\RTE\_SPI_Display
  C:\Keil_v5\ARM\PACK\ARM\CMSIS\5.0.1\CMSIS\Include
  C:\Keil_v5\ARM\PACK\InES\CTBoard14_DFP\4.0.0\Device\Include
  C:\Keil_v5\ARM\PACK\InES\CTBoard14_DFP\4.0.0\Device\Include\m0
  C:\Keil_v5\ARM\PACK\InES\CTBoard14_DFP\4.0.0\HAL\Include

<h2>Collection of Component Files used:</h2>

   * Component: InES::HAL:RCC:3.0.1
      Include file:  HAL\Include\hal_common.h
      Source file:   HAL\Source\hal_rcc.c
      Include file:  HAL\Include\hal_rcc.h
      Include file:  Device\Include\reg_stm32f4xx.h

   * Component: InES::HAL:PWR:2.2.0
      Source file:   HAL\Source\hal_pwr.c
      Include file:  Device\Include\reg_stm32f4xx.h
      Include file:  HAL\Include\hal_common.h
      Include file:  HAL\Include\hal_pwr.h

   * Component: InES::HAL:GPIO:3.0.3
      Include file:  HAL\Include\hal_gpio.h
      Source file:   HAL\Source\hal_gpio.c
      Include file:  Device\Include\reg_stm32f4xx.h
      Include file:  HAL\Include\hal_common.h

   * Component: InES::HAL:FMC:3.0.1
      Include file:  HAL\Include\hal_fmc.h
      Include file:  Device\Include\reg_stm32f4xx.h
      Include file:  HAL\Include\hal_common.h
      Source file:   HAL\Source\hal_fmc.c

   * Component: InES::Device:Startup:3.0.5
      Include file:  Device\Include\m0\platform_ctboard.h
      Include file:  Device\Include\reg_stm32f4xx.h
      Include file:  Device\Include\reg_ctboard.h
      Source file:   Device\Source\datainit_ctboard.s
      Source file:   Device\Source\system_ctboard.c
      Include file:  Device\Include\system_ctboard.h
      Source file:   Device\Source\startup_ctboard.s

   * Component: ARM::CMSIS:CORE:5.0.1
Build Time Elapsed:  00:00:01
</pre>
</body>
</html>
